Archive member included to satisfy reference by file (symbol)

d:/gcc-arm-none-eabi-10.3-2021.10/bin/../lib/gcc/arm-none-eabi/10.3.1/thumb/v7e-m/nofp\libgcc.a(_aeabi_uldivmod.o)
                              CMakeFiles/Software.elf.dir/Drivers/STM32F4xx_HAL_Driver/Src/stm32f4xx_hal_rcc.c.obj (__aeabi_uldivmod)
d:/gcc-arm-none-eabi-10.3-2021.10/bin/../lib/gcc/arm-none-eabi/10.3.1/thumb/v7e-m/nofp\libgcc.a(_udivmoddi4.o)
                              d:/gcc-arm-none-eabi-10.3-2021.10/bin/../lib/gcc/arm-none-eabi/10.3.1/thumb/v7e-m/nofp\libgcc.a(_aeabi_uldivmod.o) (__udivmoddi4)
d:/gcc-arm-none-eabi-10.3-2021.10/bin/../lib/gcc/arm-none-eabi/10.3.1/thumb/v7e-m/nofp\libgcc.a(_dvmd_tls.o)
                              d:/gcc-arm-none-eabi-10.3-2021.10/bin/../lib/gcc/arm-none-eabi/10.3.1/thumb/v7e-m/nofp\libgcc.a(_aeabi_uldivmod.o) (__aeabi_ldiv0)
d:/gcc-arm-none-eabi-10.3-2021.10/bin/../lib/gcc/arm-none-eabi/10.3.1/../../../../arm-none-eabi/lib/thumb/v7e-m/nofp\libc.a(lib_a-errno.o)
                              CMakeFiles/Software.elf.dir/Core/Src/syscalls.c.obj (__errno)
d:/gcc-arm-none-eabi-10.3-2021.10/bin/../lib/gcc/arm-none-eabi/10.3.1/../../../../arm-none-eabi/lib/thumb/v7e-m/nofp\libc.a(lib_a-exit.o)
                              d:/gcc-arm-none-eabi-10.3-2021.10/bin/../lib/gcc/arm-none-eabi/10.3.1/../../../../arm-none-eabi/lib/thumb/v7e-m/nofp/crt0.o (exit)
d:/gcc-arm-none-eabi-10.3-2021.10/bin/../lib/gcc/arm-none-eabi/10.3.1/../../../../arm-none-eabi/lib/thumb/v7e-m/nofp\libc.a(lib_a-impure.o)
                              d:/gcc-arm-none-eabi-10.3-2021.10/bin/../lib/gcc/arm-none-eabi/10.3.1/../../../../arm-none-eabi/lib/thumb/v7e-m/nofp\libc.a(lib_a-exit.o) (_global_impure_ptr)
d:/gcc-arm-none-eabi-10.3-2021.10/bin/../lib/gcc/arm-none-eabi/10.3.1/../../../../arm-none-eabi/lib/thumb/v7e-m/nofp\libc.a(lib_a-init.o)
                              d:/gcc-arm-none-eabi-10.3-2021.10/bin/../lib/gcc/arm-none-eabi/10.3.1/../../../../arm-none-eabi/lib/thumb/v7e-m/nofp/crt0.o (__libc_init_array)
d:/gcc-arm-none-eabi-10.3-2021.10/bin/../lib/gcc/arm-none-eabi/10.3.1/../../../../arm-none-eabi/lib/thumb/v7e-m/nofp\libc.a(lib_a-memset.o)
                              d:/gcc-arm-none-eabi-10.3-2021.10/bin/../lib/gcc/arm-none-eabi/10.3.1/../../../../arm-none-eabi/lib/thumb/v7e-m/nofp/crt0.o (memset)
d:/gcc-arm-none-eabi-10.3-2021.10/bin/../lib/gcc/arm-none-eabi/10.3.1/../../../../arm-none-eabi/lib/thumb/v7e-m/nofp\libc.a(lib_a-__call_atexit.o)
                              d:/gcc-arm-none-eabi-10.3-2021.10/bin/../lib/gcc/arm-none-eabi/10.3.1/../../../../arm-none-eabi/lib/thumb/v7e-m/nofp\libc.a(lib_a-exit.o) (__call_exitprocs)
d:/gcc-arm-none-eabi-10.3-2021.10/bin/../lib/gcc/arm-none-eabi/10.3.1/../../../../arm-none-eabi/lib/thumb/v7e-m/nofp\libc.a(lib_a-atexit.o)
                              d:/gcc-arm-none-eabi-10.3-2021.10/bin/../lib/gcc/arm-none-eabi/10.3.1/../../../../arm-none-eabi/lib/thumb/v7e-m/nofp\libc.a(lib_a-__call_atexit.o) (atexit)
d:/gcc-arm-none-eabi-10.3-2021.10/bin/../lib/gcc/arm-none-eabi/10.3.1/../../../../arm-none-eabi/lib/thumb/v7e-m/nofp\libc.a(lib_a-fini.o)
                              d:/gcc-arm-none-eabi-10.3-2021.10/bin/../lib/gcc/arm-none-eabi/10.3.1/../../../../arm-none-eabi/lib/thumb/v7e-m/nofp\libc.a(lib_a-__call_atexit.o) (__libc_fini_array)
d:/gcc-arm-none-eabi-10.3-2021.10/bin/../lib/gcc/arm-none-eabi/10.3.1/../../../../arm-none-eabi/lib/thumb/v7e-m/nofp\libc.a(lib_a-lock.o)
                              d:/gcc-arm-none-eabi-10.3-2021.10/bin/../lib/gcc/arm-none-eabi/10.3.1/../../../../arm-none-eabi/lib/thumb/v7e-m/nofp\libc.a(lib_a-__call_atexit.o) (__retarget_lock_acquire_recursive)
d:/gcc-arm-none-eabi-10.3-2021.10/bin/../lib/gcc/arm-none-eabi/10.3.1/../../../../arm-none-eabi/lib/thumb/v7e-m/nofp\libc.a(lib_a-__atexit.o)
                              d:/gcc-arm-none-eabi-10.3-2021.10/bin/../lib/gcc/arm-none-eabi/10.3.1/../../../../arm-none-eabi/lib/thumb/v7e-m/nofp\libc.a(lib_a-atexit.o) (__register_exitproc)

Discarded input sections

 .text          0x00000000        0x0 d:/gcc-arm-none-eabi-10.3-2021.10/bin/../lib/gcc/arm-none-eabi/10.3.1/thumb/v7e-m/nofp/crti.o
 .data          0x00000000        0x0 d:/gcc-arm-none-eabi-10.3-2021.10/bin/../lib/gcc/arm-none-eabi/10.3.1/thumb/v7e-m/nofp/crti.o
 .bss           0x00000000        0x0 d:/gcc-arm-none-eabi-10.3-2021.10/bin/../lib/gcc/arm-none-eabi/10.3.1/thumb/v7e-m/nofp/crti.o
 .data          0x00000000        0x4 d:/gcc-arm-none-eabi-10.3-2021.10/bin/../lib/gcc/arm-none-eabi/10.3.1/thumb/v7e-m/nofp/crtbegin.o
 .rodata        0x00000000       0x24 d:/gcc-arm-none-eabi-10.3-2021.10/bin/../lib/gcc/arm-none-eabi/10.3.1/thumb/v7e-m/nofp/crtbegin.o
 .text          0x00000000       0x7c d:/gcc-arm-none-eabi-10.3-2021.10/bin/../lib/gcc/arm-none-eabi/10.3.1/../../../../arm-none-eabi/lib/thumb/v7e-m/nofp/crt0.o
[...]
Memory Configuration

Name             Origin             Length             Attributes
CCMRAM           0x10000000         0x00010000         xrw
RAM              0x20000000         0x00020000         xrw
FLASH            0x08000000         0x00100000         xr
*default*        0x00000000         0xffffffff

Linker script and memory map

LOAD d:/gcc-arm-none-eabi-10.3-2021.10/bin/../lib/gcc/arm-none-eabi/10.3.1/thumb/v7e-m/nofp/crti.o
LOAD d:/gcc-arm-none-eabi-10.3-2021.10/bin/../lib/gcc/arm-none-eabi/10.3.1/thumb/v7e-m/nofp/crtbegin.o
LOAD d:/gcc-arm-none-eabi-10.3-2021.10/bin/../lib/gcc/arm-none-eabi/10.3.1/../../../../arm-none-eabi/lib/thumb/v7e-m/nofp/crt0.o
LOAD CMakeFiles/Software.elf.dir/Core/Src/can.c.obj
LOAD CMakeFiles/Software.elf.dir/Core/Src/gpio.c.obj
LOAD CMakeFiles/Software.elf.dir/Core/Src/i2c.c.obj
LOAD CMakeFiles/Software.elf.dir/Core/Src/main.c.obj
LOAD CMakeFiles/Software.elf.dir/Core/Src/spi.c.obj
LOAD CMakeFiles/Software.elf.dir/Core/Src/stm32f4xx_hal_msp.c.obj
LOAD CMakeFiles/Software.elf.dir/Core/Src/stm32f4xx_it.c.obj
LOAD CMakeFiles/Software.elf.dir/Core/Src/syscalls.c.obj
LOAD CMakeFiles/Software.elf.dir/Core/Src/sysmem.c.obj
LOAD CMakeFiles/Software.elf.dir/Core/Src/system_stm32f4xx.c.obj
LOAD CMakeFiles/Software.elf.dir/Core/Src/usart.c.obj
LOAD CMakeFiles/Software.elf.dir/Core/Startup/startup_stm32f407zgtx.s.obj
LOAD CMakeFiles/Software.elf.dir/Drivers/STM32F4xx_HAL_Driver/Src/stm32f4xx_hal.c.obj
LOAD CMakeFiles/Software.elf.dir/Drivers/STM32F4xx_HAL_Driver/Src/stm32f4xx_hal_can.c.obj
LOAD CMakeFiles/Software.elf.dir/Drivers/STM32F4xx_HAL_Driver/Src/stm32f4xx_hal_cortex.c.obj
LOAD CMakeFiles/Software.elf.dir/Drivers/STM32F4xx_HAL_Driver/Src/stm32f4xx_hal_dma.c.obj
LOAD CMakeFiles/Software.elf.dir/Drivers/STM32F4xx_HAL_Driver/Src/stm32f4xx_hal_dma_ex.c.obj
LOAD CMakeFiles/Software.elf.dir/Drivers/STM32F4xx_HAL_Driver/Src/stm32f4xx_hal_exti.c.obj
LOAD CMakeFiles/Software.elf.dir/Drivers/STM32F4xx_HAL_Driver/Src/stm32f4xx_hal_flash.c.obj
LOAD CMakeFiles/Software.elf.dir/Drivers/STM32F4xx_HAL_Driver/Src/stm32f4xx_hal_flash_ex.c.obj
LOAD CMakeFiles/Software.elf.dir/Drivers/STM32F4xx_HAL_Driver/Src/stm32f4xx_hal_flash_ramfunc.c.obj
LOAD CMakeFiles/Software.elf.dir/Drivers/STM32F4xx_HAL_Driver/Src/stm32f4xx_hal_gpio.c.obj
LOAD CMakeFiles/Software.elf.dir/Drivers/STM32F4xx_HAL_Driver/Src/stm32f4xx_hal_i2c.c.obj
LOAD CMakeFiles/Software.elf.dir/Drivers/STM32F4xx_HAL_Driver/Src/stm32f4xx_hal_i2c_ex.c.obj
LOAD CMakeFiles/Software.elf.dir/Drivers/STM32F4xx_HAL_Driver/Src/stm32f4xx_hal_pwr.c.obj
LOAD CMakeFiles/Software.elf.dir/Drivers/STM32F4xx_HAL_Driver/Src/stm32f4xx_hal_pwr_ex.c.obj
LOAD CMakeFiles/Software.elf.dir/Drivers/STM32F4xx_HAL_Driver/Src/stm32f4xx_hal_rcc.c.obj
LOAD CMakeFiles/Software.elf.dir/Drivers/STM32F4xx_HAL_Driver/Src/stm32f4xx_hal_rcc_ex.c.obj
LOAD CMakeFiles/Software.elf.dir/Drivers/STM32F4xx_HAL_Driver/Src/stm32f4xx_hal_spi.c.obj
LOAD CMakeFiles/Software.elf.dir/Drivers/STM32F4xx_HAL_Driver/Src/stm32f4xx_hal_tim.c.obj
LOAD CMakeFiles/Software.elf.dir/Drivers/STM32F4xx_HAL_Driver/Src/stm32f4xx_hal_tim_ex.c.obj
LOAD CMakeFiles/Software.elf.dir/Drivers/STM32F4xx_HAL_Driver/Src/stm32f4xx_hal_uart.c.obj
START GROUP
LOAD d:/gcc-arm-none-eabi-10.3-2021.10/bin/../lib/gcc/arm-none-eabi/10.3.1/thumb/v7e-m/nofp\libgcc.a
LOAD d:/gcc-arm-none-eabi-10.3-2021.10/bin/../lib/gcc/arm-none-eabi/10.3.1/../../../../arm-none-eabi/lib/thumb/v7e-m/nofp\libc.a
END GROUP
LOAD d:/gcc-arm-none-eabi-10.3-2021.10/bin/../lib/gcc/arm-none-eabi/10.3.1/thumb/v7e-m/nofp/crtend.o
LOAD d:/gcc-arm-none-eabi-10.3-2021.10/bin/../lib/gcc/arm-none-eabi/10.3.1/thumb/v7e-m/nofp/crtn.o
                0x20020000                _estack = (ORIGIN (RAM) + LENGTH (RAM))
                0x00000200                _Min_Heap_Size = 0x200
                0x00000400                _Min_Stack_Size = 0x400

.isr_vector     0x08000000      0x188
                0x08000000                . = ALIGN (0x4)
 *(.isr_vector)
 .isr_vector    0x08000000      0x188 CMakeFiles/Software.elf.dir/Core/Startup/startup_stm32f407zgtx.s.obj
                0x08000000                g_pfnVectors
                0x08000188                . = ALIGN (0x4)

.text           0x08000188     0x194c
                0x08000188                . = ALIGN (0x4)
 *(.text)
 .text          0x08000188       0x40 d:/gcc-arm-none-eabi-10.3-2021.10/bin/../lib/gcc/arm-none-eabi/10.3.1/thumb/v7e-m/nofp/crtbegin.o
 .text          0x080001c8       0x30 d:/gcc-arm-none-eabi-10.3-2021.10/bin/../lib/gcc/arm-none-eabi/10.3.1/thumb/v7e-m/nofp\libgcc.a(_aeabi_uldivmod.o)
                0x080001c8                __aeabi_uldivmod
 .text          0x080001f8      0x2d0 d:/gcc-arm-none-eabi-10.3-2021.10/bin/../lib/gcc/arm-none-eabi/10.3.1/thumb/v7e-m/nofp\libgcc.a(_udivmoddi4.o)
                0x080001f8                __udivmoddi4
 .text          0x080004c8        0x4 d:/gcc-arm-none-eabi-10.3-2021.10/bin/../lib/gcc/arm-none-eabi/10.3.1/thumb/v7e-m/nofp\libgcc.a(_dvmd_tls.o)
                0x080004c8                __aeabi_idiv0
                0x080004c8                __aeabi_ldiv0
 *(.text*)
 .text.MX_CAN1_Init
                0x080004cc       0x38 CMakeFiles/Software.elf.dir/Core/Src/can.c.obj
                0x080004cc                MX_CAN1_Init
 .text.HAL_CAN_MspInit
                0x08000504       0x70 CMakeFiles/Software.elf.dir/Core/Src/can.c.obj
                0x08000504                HAL_CAN_MspInit
 .text.MX_GPIO_Init
                0x08000574       0xa8 CMakeFiles/Software.elf.dir/Core/Src/gpio.c.obj
                0x08000574                MX_GPIO_Init
 .text.MX_I2C1_Init
                0x0800061c       0x3c CMakeFiles/Software.elf.dir/Core/Src/i2c.c.obj
                0x0800061c                MX_I2C1_Init
 .text.HAL_I2C_MspInit
                0x08000658       0x70 CMakeFiles/Software.elf.dir/Core/Src/i2c.c.obj
                0x08000658                HAL_I2C_MspInit
 .text.Error_Handler
                0x080006c8        0x4 CMakeFiles/Software.elf.dir/Core/Src/main.c.obj
                0x080006c8                Error_Handler
 .text.SystemClock_Config
                0x080006cc       0xa8 CMakeFiles/Software.elf.dir/Core/Src/main.c.obj
                0x080006cc                SystemClock_Config
 .text.main     0x08000774       0x24 CMakeFiles/Software.elf.dir/Core/Src/main.c.obj
                0x08000774                main
 .text.MX_SPI1_Init
                0x08000798       0x40 CMakeFiles/Software.elf.dir/Core/Src/spi.c.obj
                0x08000798                MX_SPI1_Init
 .text.HAL_SPI_MspInit
                0x080007d8       0x70 CMakeFiles/Software.elf.dir/Core/Src/spi.c.obj
                0x080007d8                HAL_SPI_MspInit
 .text.HAL_MspInit
                0x08000848       0x38 CMakeFiles/Software.elf.dir/Core/Src/stm32f4xx_hal_msp.c.obj
                0x08000848                HAL_MspInit
 .text.NMI_Handler
                0x08000880        0x2 CMakeFiles/Software.elf.dir/Core/Src/stm32f4xx_it.c.obj
                0x08000880                NMI_Handler
 .text.HardFault_Handler
                0x08000882        0x2 CMakeFiles/Software.elf.dir/Core/Src/stm32f4xx_it.c.obj
                0x08000882                HardFault_Handler
 .text.MemManage_Handler
                0x08000884        0x2 CMakeFiles/Software.elf.dir/Core/Src/stm32f4xx_it.c.obj
                0x08000884                MemManage_Handler
 .text.BusFault_Handler
                0x08000886        0x2 CMakeFiles/Software.elf.dir/Core/Src/stm32f4xx_it.c.obj
                0x08000886                BusFault_Handler
 .text.UsageFault_Handler
                0x08000888        0x2 CMakeFiles/Software.elf.dir/Core/Src/stm32f4xx_it.c.obj
                0x08000888                UsageFault_Handler
 .text.SVC_Handler
                0x0800088a        0x2 CMakeFiles/Software.elf.dir/Core/Src/stm32f4xx_it.c.obj
                0x0800088a                SVC_Handler
 .text.DebugMon_Handler
                0x0800088c        0x2 CMakeFiles/Software.elf.dir/Core/Src/stm32f4xx_it.c.obj
                0x0800088c                DebugMon_Handler
 .text.PendSV_Handler
                0x0800088e        0x2 CMakeFiles/Software.elf.dir/Core/Src/stm32f4xx_it.c.obj
                0x0800088e                PendSV_Handler
 .text.SysTick_Handler
                0x08000890        0x8 CMakeFiles/Software.elf.dir/Core/Src/stm32f4xx_it.c.obj
                0x08000890                SysTick_Handler
 .text.SystemInit
                0x08000898        0x2 CMakeFiles/Software.elf.dir/Core/Src/system_stm32f4xx.c.obj
                0x08000898                SystemInit
 *fill*         0x0800089a        0x2 
 .text.MX_USART1_UART_Init
                0x0800089c       0x34 CMakeFiles/Software.elf.dir/Core/Src/usart.c.obj
                0x0800089c                MX_USART1_UART_Init
 .text.MX_USART6_UART_Init
                0x080008d0       0x34 CMakeFiles/Software.elf.dir/Core/Src/usart.c.obj
                0x080008d0                MX_USART6_UART_Init
 .text.HAL_UART_MspInit
                0x08000904       0xc8 CMakeFiles/Software.elf.dir/Core/Src/usart.c.obj
                0x08000904                HAL_UART_MspInit
 .text.Reset_Handler
                0x080009cc       0x50 CMakeFiles/Software.elf.dir/Core/Startup/startup_stm32f407zgtx.s.obj
                0x080009cc                Reset_Handler
 .text.Default_Handler
                0x08000a1c        0x2 CMakeFiles/Software.elf.dir/Core/Startup/startup_stm32f407zgtx.s.obj
                0x08000a1c                RTC_Alarm_IRQHandler
                0x08000a1c                HASH_RNG_IRQHandler
                0x08000a1c                EXTI2_IRQHandler
                0x08000a1c                TIM8_CC_IRQHandler
                0x08000a1c                TIM1_CC_IRQHandler
                0x08000a1c                DMA2_Stream5_IRQHandler
                0x08000a1c                DMA1_Stream5_IRQHandler
                0x08000a1c                PVD_IRQHandler
                0x08000a1c                SDIO_IRQHandler
                0x08000a1c                TAMP_STAMP_IRQHandler
                0x08000a1c                CAN2_RX1_IRQHandler
                0x08000a1c                EXTI3_IRQHandler
                0x08000a1c                TIM8_TRG_COM_TIM14_IRQHandler
                0x08000a1c                TIM1_UP_TIM10_IRQHandler
                0x08000a1c                TIM8_UP_TIM13_IRQHandler
                0x08000a1c                I2C3_ER_IRQHandler
                0x08000a1c                EXTI0_IRQHandler
                0x08000a1c                I2C2_EV_IRQHandler
                0x08000a1c                DMA1_Stream2_IRQHandler
                0x08000a1c                CAN1_RX0_IRQHandler
                0x08000a1c                FPU_IRQHandler
                0x08000a1c                OTG_HS_WKUP_IRQHandler
                0x08000a1c                CAN2_SCE_IRQHandler
                0x08000a1c                DMA2_Stream2_IRQHandler
                0x08000a1c                SPI1_IRQHandler
                0x08000a1c                TIM6_DAC_IRQHandler
                0x08000a1c                TIM1_BRK_TIM9_IRQHandler
                0x08000a1c                DCMI_IRQHandler
                0x08000a1c                CAN2_RX0_IRQHandler
                0x08000a1c                DMA2_Stream3_IRQHandler
                0x08000a1c                USART6_IRQHandler
                0x08000a1c                USART3_IRQHandler
                0x08000a1c                CAN1_RX1_IRQHandler
                0x08000a1c                UART5_IRQHandler
                0x08000a1c                DMA2_Stream0_IRQHandler
                0x08000a1c                TIM4_IRQHandler
                0x08000a1c                I2C1_EV_IRQHandler
                0x08000a1c                DMA1_Stream6_IRQHandler
                0x08000a1c                DMA1_Stream1_IRQHandler
                0x08000a1c                UART4_IRQHandler
                0x08000a1c                TIM3_IRQHandler
                0x08000a1c                RCC_IRQHandler
                0x08000a1c                TIM8_BRK_TIM12_IRQHandler
                0x08000a1c                Default_Handler
                0x08000a1c                EXTI15_10_IRQHandler
                0x08000a1c                ADC_IRQHandler
                0x08000a1c                DMA1_Stream7_IRQHandler
                0x08000a1c                TIM7_IRQHandler
                0x08000a1c                CAN2_TX_IRQHandler
                0x08000a1c                TIM5_IRQHandler
                0x08000a1c                DMA2_Stream7_IRQHandler
                0x08000a1c                I2C3_EV_IRQHandler
                0x08000a1c                EXTI9_5_IRQHandler
                0x08000a1c                RTC_WKUP_IRQHandler
                0x08000a1c                ETH_WKUP_IRQHandler
                0x08000a1c                SPI2_IRQHandler
                0x08000a1c                OTG_HS_EP1_IN_IRQHandler
                0x08000a1c                DMA1_Stream0_IRQHandler
                0x08000a1c                CAN1_TX_IRQHandler
                0x08000a1c                EXTI4_IRQHandler
                0x08000a1c                FSMC_IRQHandler
                0x08000a1c                ETH_IRQHandler
                0x08000a1c                OTG_HS_EP1_OUT_IRQHandler
                0x08000a1c                WWDG_IRQHandler
                0x08000a1c                TIM2_IRQHandler
                0x08000a1c                OTG_FS_WKUP_IRQHandler
                0x08000a1c                TIM1_TRG_COM_TIM11_IRQHandler
                0x08000a1c                OTG_HS_IRQHandler
                0x08000a1c                EXTI1_IRQHandler
                0x08000a1c                USART2_IRQHandler
                0x08000a1c                I2C2_ER_IRQHandler
                0x08000a1c                DMA2_Stream1_IRQHandler
                0x08000a1c                CAN1_SCE_IRQHandler
                0x08000a1c                FLASH_IRQHandler
                0x08000a1c                DMA2_Stream4_IRQHandler
                0x08000a1c                USART1_IRQHandler
                0x08000a1c                OTG_FS_IRQHandler
                0x08000a1c                SPI3_IRQHandler
                0x08000a1c                DMA1_Stream4_IRQHandler
                0x08000a1c                I2C1_ER_IRQHandler
                0x08000a1c                DMA2_Stream6_IRQHandler
                0x08000a1c                DMA1_Stream3_IRQHandler
 *fill*         0x08000a1e        0x2 
 .text.HAL_InitTick
                0x08000a20       0x4c CMakeFiles/Software.elf.dir/Drivers/STM32F4xx_HAL_Driver/Src/stm32f4xx_hal.c.obj
                0x08000a20                HAL_InitTick
 .text.HAL_Init
                0x08000a6c       0x34 CMakeFiles/Software.elf.dir/Drivers/STM32F4xx_HAL_Driver/Src/stm32f4xx_hal.c.obj
                0x08000a6c                HAL_Init
 .text.HAL_IncTick
                0x08000aa0       0x18 CMakeFiles/Software.elf.dir/Drivers/STM32F4xx_HAL_Driver/Src/stm32f4xx_hal.c.obj
                0x08000aa0                HAL_IncTick
 .text.HAL_GetTick
                0x08000ab8        0xc CMakeFiles/Software.elf.dir/Drivers/STM32F4xx_HAL_Driver/Src/stm32f4xx_hal.c.obj
                0x08000ab8                HAL_GetTick
 .text.HAL_CAN_Init
                0x08000ac4      0x14c CMakeFiles/Software.elf.dir/Drivers/STM32F4xx_HAL_Driver/Src/stm32f4xx_hal_can.c.obj
                0x08000ac4                HAL_CAN_Init
 .text.HAL_NVIC_SetPriorityGrouping
                0x08000c10       0x24 CMakeFiles/Software.elf.dir/Drivers/STM32F4xx_HAL_Driver/Src/stm32f4xx_hal_cortex.c.obj
                0x08000c10                HAL_NVIC_SetPriorityGrouping
 .text.HAL_NVIC_SetPriority
                0x08000c34       0x70 CMakeFiles/Software.elf.dir/Drivers/STM32F4xx_HAL_Driver/Src/stm32f4xx_hal_cortex.c.obj
                0x08000c34                HAL_NVIC_SetPriority
 .text.HAL_SYSTICK_Config
                0x08000ca4       0x28 CMakeFiles/Software.elf.dir/Drivers/STM32F4xx_HAL_Driver/Src/stm32f4xx_hal_cortex.c.obj
                0x08000ca4                HAL_SYSTICK_Config
 .text.HAL_GPIO_Init
                0x08000ccc      0x1e4 CMakeFiles/Software.elf.dir/Drivers/STM32F4xx_HAL_Driver/Src/stm32f4xx_hal_gpio.c.obj
                0x08000ccc                HAL_GPIO_Init
 .text.HAL_GPIO_WritePin
                0x08000eb0        0xc CMakeFiles/Software.elf.dir/Drivers/STM32F4xx_HAL_Driver/Src/stm32f4xx_hal_gpio.c.obj
                0x08000eb0                HAL_GPIO_WritePin
 .text.HAL_I2C_Init
                0x08000ebc      0x1bc CMakeFiles/Software.elf.dir/Drivers/STM32F4xx_HAL_Driver/Src/stm32f4xx_hal_i2c.c.obj
                0x08000ebc                HAL_I2C_Init
 .text.HAL_RCC_OscConfig
                0x08001078      0x3f8 CMakeFiles/Software.elf.dir/Drivers/STM32F4xx_HAL_Driver/Src/stm32f4xx_hal_rcc.c.obj
                0x08001078                HAL_RCC_OscConfig
 .text.HAL_RCC_GetSysClockFreq
                0x08001470       0xa4 CMakeFiles/Software.elf.dir/Drivers/STM32F4xx_HAL_Driver/Src/stm32f4xx_hal_rcc.c.obj
                0x08001470                HAL_RCC_GetSysClockFreq
 .text.HAL_RCC_ClockConfig
                0x08001514      0x160 CMakeFiles/Software.elf.dir/Drivers/STM32F4xx_HAL_Driver/Src/stm32f4xx_hal_rcc.c.obj
                0x08001514                HAL_RCC_ClockConfig
 .text.HAL_RCC_GetHCLKFreq
                0x08001674        0xc CMakeFiles/Software.elf.dir/Drivers/STM32F4xx_HAL_Driver/Src/stm32f4xx_hal_rcc.c.obj
                0x08001674                HAL_RCC_GetHCLKFreq
 .text.HAL_RCC_GetPCLK1Freq
                0x08001680       0x20 CMakeFiles/Software.elf.dir/Drivers/STM32F4xx_HAL_Driver/Src/stm32f4xx_hal_rcc.c.obj
                0x08001680                HAL_RCC_GetPCLK1Freq
 .text.HAL_RCC_GetPCLK2Freq
                0x080016a0       0x20 CMakeFiles/Software.elf.dir/Drivers/STM32F4xx_HAL_Driver/Src/stm32f4xx_hal_rcc.c.obj
                0x080016a0                HAL_RCC_GetPCLK2Freq
 .text.HAL_SPI_Init
                0x080016c0       0xbe CMakeFiles/Software.elf.dir/Drivers/STM32F4xx_HAL_Driver/Src/stm32f4xx_hal_spi.c.obj
                0x080016c0                HAL_SPI_Init
 *fill*         0x0800177e        0x2 
 .text.UART_SetConfig
                0x08001780      0x110 CMakeFiles/Software.elf.dir/Drivers/STM32F4xx_HAL_Driver/Src/stm32f4xx_hal_uart.c.obj
 .text.HAL_UART_Init
                0x08001890       0x5e CMakeFiles/Software.elf.dir/Drivers/STM32F4xx_HAL_Driver/Src/stm32f4xx_hal_uart.c.obj
                0x08001890                HAL_UART_Init
 *fill*         0x080018ee        0x2 
 .text.__libc_init_array
                0x080018f0       0x48 d:/gcc-arm-none-eabi-10.3-2021.10/bin/../lib/gcc/arm-none-eabi/10.3.1/../../../../arm-none-eabi/lib/thumb/v7e-m/nofp\libc.a(lib_a-init.o)
                0x080018f0                __libc_init_array
 .text.memset   0x08001938       0xa4 d:/gcc-arm-none-eabi-10.3-2021.10/bin/../lib/gcc/arm-none-eabi/10.3.1/../../../../arm-none-eabi/lib/thumb/v7e-m/nofp\libc.a(lib_a-memset.o)
                0x08001938                memset
 .text.startup.register_fini
                0x080019dc       0x14 d:/gcc-arm-none-eabi-10.3-2021.10/bin/../lib/gcc/arm-none-eabi/10.3.1/../../../../arm-none-eabi/lib/thumb/v7e-m/nofp\libc.a(lib_a-__call_atexit.o)
 .text.atexit   0x080019f0        0xc d:/gcc-arm-none-eabi-10.3-2021.10/bin/../lib/gcc/arm-none-eabi/10.3.1/../../../../arm-none-eabi/lib/thumb/v7e-m/nofp\libc.a(lib_a-atexit.o)
                0x080019f0                atexit
 .text.__libc_fini_array
                0x080019fc       0x2c d:/gcc-arm-none-eabi-10.3-2021.10/bin/../lib/gcc/arm-none-eabi/10.3.1/../../../../arm-none-eabi/lib/thumb/v7e-m/nofp\libc.a(lib_a-fini.o)
                0x080019fc                __libc_fini_array
 .text.__retarget_lock_acquire_recursive
                0x08001a28        0x4 d:/gcc-arm-none-eabi-10.3-2021.10/bin/../lib/gcc/arm-none-eabi/10.3.1/../../../../arm-none-eabi/lib/thumb/v7e-m/nofp\libc.a(lib_a-lock.o)
                0x08001a28                __retarget_lock_acquire_recursive
 .text.__retarget_lock_release_recursive
                0x08001a2c        0x4 d:/gcc-arm-none-eabi-10.3-2021.10/bin/../lib/gcc/arm-none-eabi/10.3.1/../../../../arm-none-eabi/lib/thumb/v7e-m/nofp\libc.a(lib_a-lock.o)
                0x08001a2c                __retarget_lock_release_recursive
 .text.__register_exitproc
                0x08001a30       0x8c d:/gcc-arm-none-eabi-10.3-2021.10/bin/../lib/gcc/arm-none-eabi/10.3.1/../../../../arm-none-eabi/lib/thumb/v7e-m/nofp\libc.a(lib_a-__atexit.o)
                0x08001a30                __register_exitproc
 *(.glue_7)
 .glue_7        0x08001abc        0x0 linker stubs
 *(.glue_7t)
 .glue_7t       0x08001abc        0x0 linker stubs
 *(.eh_frame)
 .eh_frame      0x08001abc        0x0 d:/gcc-arm-none-eabi-10.3-2021.10/bin/../lib/gcc/arm-none-eabi/10.3.1/thumb/v7e-m/nofp/crtbegin.o
 *(.init)
 .init          0x08001abc        0x4 d:/gcc-arm-none-eabi-10.3-2021.10/bin/../lib/gcc/arm-none-eabi/10.3.1/thumb/v7e-m/nofp/crti.o
                0x08001abc                _init
 .init          0x08001ac0        0x8 d:/gcc-arm-none-eabi-10.3-2021.10/bin/../lib/gcc/arm-none-eabi/10.3.1/thumb/v7e-m/nofp/crtn.o
 *(.fini)
 .fini          0x08001ac8        0x4 d:/gcc-arm-none-eabi-10.3-2021.10/bin/../lib/gcc/arm-none-eabi/10.3.1/thumb/v7e-m/nofp/crti.o
                0x08001ac8                _fini
 .fini          0x08001acc        0x8 d:/gcc-arm-none-eabi-10.3-2021.10/bin/../lib/gcc/arm-none-eabi/10.3.1/thumb/v7e-m/nofp/crtn.o
                0x08001ad4                . = ALIGN (0x4)
                0x08001ad4                _etext = .

.vfp11_veneer   0x08001ad4        0x0
 .vfp11_veneer  0x08001ad4        0x0 linker stubs

.v4_bx          0x08001ad4        0x0
 .v4_bx         0x08001ad4        0x0 linker stubs

.iplt           0x08001ad4        0x0
 .iplt          0x08001ad4        0x0 d:/gcc-arm-none-eabi-10.3-2021.10/bin/../lib/gcc/arm-none-eabi/10.3.1/thumb/v7e-m/nofp/crtbegin.o

.rodata         0x08001ad4       0x1c
                0x08001ad4                . = ALIGN (0x4)
 *(.rodata)
 *(.rodata*)
 .rodata.AHBPrescTable
                0x08001ad4       0x10 CMakeFiles/Software.elf.dir/Core/Src/system_stm32f4xx.c.obj
                0x08001ad4                AHBPrescTable
 .rodata.APBPrescTable
                0x08001ae4        0x8 CMakeFiles/Software.elf.dir/Core/Src/system_stm32f4xx.c.obj
                0x08001ae4                APBPrescTable
 .rodata._global_impure_ptr
                0x08001aec        0x4 d:/gcc-arm-none-eabi-10.3-2021.10/bin/../lib/gcc/arm-none-eabi/10.3.1/../../../../arm-none-eabi/lib/thumb/v7e-m/nofp\libc.a(lib_a-impure.o)
                0x08001aec                _global_impure_ptr
                0x08001af0                . = ALIGN (0x4)

.ARM.extab      0x08001af0        0x0
                0x08001af0                . = ALIGN (0x4)
 *(.ARM.extab* .gnu.linkonce.armextab.*)
                0x08001af0                . = ALIGN (0x4)

.ARM            0x08001af0        0x8
                0x08001af0                . = ALIGN (0x4)
                0x08001af0                __exidx_start = .
 *(.ARM.exidx*)
 .ARM.exidx     0x08001af0        0x8 d:/gcc-arm-none-eabi-10.3-2021.10/bin/../lib/gcc/arm-none-eabi/10.3.1/thumb/v7e-m/nofp\libgcc.a(_udivmoddi4.o)
                0x08001af8                __exidx_end = .
                0x08001af8                . = ALIGN (0x4)

.rel.dyn        0x08001af8        0x0
 .rel.iplt      0x08001af8        0x0 d:/gcc-arm-none-eabi-10.3-2021.10/bin/../lib/gcc/arm-none-eabi/10.3.1/thumb/v7e-m/nofp/crtbegin.o

.preinit_array  0x08001af8        0x0
                0x08001af8                . = ALIGN (0x4)
                0x08001af8                PROVIDE (__preinit_array_start = .)
 *(.preinit_array*)
                0x08001af8                PROVIDE (__preinit_array_end = .)
                0x08001af8                . = ALIGN (0x4)

.init_array     0x08001af8        0x8
                0x08001af8                . = ALIGN (0x4)
                0x08001af8                PROVIDE (__init_array_start = .)
 *(SORT_BY_NAME(.init_array.*))
 .init_array.00000
                0x08001af8        0x4 d:/gcc-arm-none-eabi-10.3-2021.10/bin/../lib/gcc/arm-none-eabi/10.3.1/../../../../arm-none-eabi/lib/thumb/v7e-m/nofp\libc.a(lib_a-__call_atexit.o)
 *(.init_array*)
 .init_array    0x08001afc        0x4 d:/gcc-arm-none-eabi-10.3-2021.10/bin/../lib/gcc/arm-none-eabi/10.3.1/thumb/v7e-m/nofp/crtbegin.o
                0x08001b00                PROVIDE (__init_array_end = .)
                0x08001b00                . = ALIGN (0x4)

.fini_array     0x08001b00        0x4
                0x08001b00                . = ALIGN (0x4)
                0x08001b00                PROVIDE (__fini_array_start = .)
 *(SORT_BY_NAME(.fini_array.*))
 *(.fini_array*)
 .fini_array    0x08001b00        0x4 d:/gcc-arm-none-eabi-10.3-2021.10/bin/../lib/gcc/arm-none-eabi/10.3.1/thumb/v7e-m/nofp/crtbegin.o
                0x08001b04                PROVIDE (__fini_array_end = .)
                0x08001b04                . = ALIGN (0x4)
                0x08001b04                _sidata = LOADADDR (.data)

.data           0x20000000      0x43c load address 0x08001b04
                0x20000000                . = ALIGN (0x4)
                0x20000000                _sdata = .
 *(.data)
 *(.data*)
 .data.SystemCoreClock
                0x20000000        0x4 CMakeFiles/Software.elf.dir/Core/Src/system_stm32f4xx.c.obj
                0x20000000                SystemCoreClock
 .data.uwTickFreq
                0x20000004        0x1 CMakeFiles/Software.elf.dir/Drivers/STM32F4xx_HAL_Driver/Src/stm32f4xx_hal.c.obj
                0x20000004                uwTickFreq
 *fill*         0x20000005        0x3 
 .data.uwTickPrio
                0x20000008        0x4 CMakeFiles/Software.elf.dir/Drivers/STM32F4xx_HAL_Driver/Src/stm32f4xx_hal.c.obj
                0x20000008                uwTickPrio
 *fill*         0x2000000c        0x4 
 .data.impure_data
                0x20000010      0x428 d:/gcc-arm-none-eabi-10.3-2021.10/bin/../lib/gcc/arm-none-eabi/10.3.1/../../../../arm-none-eabi/lib/thumb/v7e-m/nofp\libc.a(lib_a-impure.o)
 .data.__atexit_recursive_mutex
                0x20000438        0x4 d:/gcc-arm-none-eabi-10.3-2021.10/bin/../lib/gcc/arm-none-eabi/10.3.1/../../../../arm-none-eabi/lib/thumb/v7e-m/nofp\libc.a(lib_a-__call_atexit.o)
                0x20000438                __atexit_recursive_mutex
 *(.RamFunc)
 *(.RamFunc*)
                0x2000043c                . = ALIGN (0x4)
                0x2000043c                _edata = .
                0x08001f40                _siccmram = LOADADDR (.ccmram)

.igot.plt       0x2000043c        0x0 load address 0x08001f40
 .igot.plt      0x2000043c        0x0 d:/gcc-arm-none-eabi-10.3-2021.10/bin/../lib/gcc/arm-none-eabi/10.3.1/thumb/v7e-m/nofp/crtbegin.o

.ccmram         0x10000000        0x0 load address 0x08001f40
                0x10000000                . = ALIGN (0x4)
                0x10000000                _sccmram = .
 *(.ccmram)
 *(.ccmram*)
                0x10000000                . = ALIGN (0x4)
                0x10000000                _eccmram = .
                0x10000000                . = ALIGN (0x4)

.bss            0x2000043c      0x180
                0x2000043c                _sbss = .
                0x2000043c                __bss_start__ = _sbss
 *(.bss)
 .bss           0x2000043c       0x1c d:/gcc-arm-none-eabi-10.3-2021.10/bin/../lib/gcc/arm-none-eabi/10.3.1/thumb/v7e-m/nofp/crtbegin.o
 *(.bss*)
 .bss.hcan1     0x20000458       0x28 CMakeFiles/Software.elf.dir/Core/Src/can.c.obj
                0x20000458                hcan1
 .bss.hi2c1     0x20000480       0x54 CMakeFiles/Software.elf.dir/Core/Src/i2c.c.obj
                0x20000480                hi2c1
 .bss.hspi1     0x200004d4       0x58 CMakeFiles/Software.elf.dir/Core/Src/spi.c.obj
                0x200004d4                hspi1
 .bss.huart1    0x2000052c       0x44 CMakeFiles/Software.elf.dir/Core/Src/usart.c.obj
                0x2000052c                huart1
 .bss.huart6    0x20000570       0x44 CMakeFiles/Software.elf.dir/Core/Src/usart.c.obj
                0x20000570                huart6
 .bss.uwTick    0x200005b4        0x4 CMakeFiles/Software.elf.dir/Drivers/STM32F4xx_HAL_Driver/Src/stm32f4xx_hal.c.obj
                0x200005b4                uwTick
 .bss.__lock___atexit_recursive_mutex
                0x200005b8        0x1 d:/gcc-arm-none-eabi-10.3-2021.10/bin/../lib/gcc/arm-none-eabi/10.3.1/../../../../arm-none-eabi/lib/thumb/v7e-m/nofp\libc.a(lib_a-lock.o)
                0x200005b8                __lock___atexit_recursive_mutex
 *(COMMON)
                0x200005bc                . = ALIGN (0x4)
 *fill*         0x200005b9        0x3 
                0x200005bc                _ebss = .
                0x200005bc                __bss_end__ = _ebss

._user_heap_stack
                0x200005bc      0x604
                0x200005c0                . = ALIGN (0x8)
 *fill*         0x200005bc        0x4 
                [!provide]                PROVIDE (end = .)
                0x200005c0                PROVIDE (_end = .)
                0x200007c0                . = (. + _Min_Heap_Size)
 *fill*         0x200005c0      0x200 
                0x20000bc0                . = (. + _Min_Stack_Size)
 *fill*         0x200007c0      0x400 
                0x20000bc0                . = ALIGN (0x8)

/DISCARD/
 libc.a(*)
 libm.a(*)
 libgcc.a(*)

.ARM.attributes
                0x00000000       0x2a
 *(.ARM.attributes)
 .ARM.attributes
                0x00000000       0x1e d:/gcc-arm-none-eabi-10.3-2021.10/bin/../lib/gcc/arm-none-eabi/10.3.1/thumb/v7e-m/nofp/crti.o
 .ARM.attributes
                0x0000001e       0x2e d:/gcc-arm-none-eabi-10.3-2021.10/bin/../lib/gcc/arm-none-eabi/10.3.1/thumb/v7e-m/nofp/crtbegin.o
 .ARM.attributes
                0x0000004c       0x2e CMakeFiles/Software.elf.dir/Core/Src/can.c.obj
 .ARM.attributes
                0x0000007a       0x2e CMakeFiles/Software.elf.dir/Core/Src/gpio.c.obj
 .ARM.attributes
                0x000000a8       0x2e CMakeFiles/Software.elf.dir/Core/Src/i2c.c.obj
 .ARM.attributes
                0x000000d6       0x2e CMakeFiles/Software.elf.dir/Core/Src/main.c.obj
 .ARM.attributes
                0x00000104       0x2e CMakeFiles/Software.elf.dir/Core/Src/spi.c.obj
 .ARM.attributes
                0x00000132       0x2e CMakeFiles/Software.elf.dir/Core/Src/stm32f4xx_hal_msp.c.obj
 .ARM.attributes
                0x00000160       0x2e CMakeFiles/Software.elf.dir/Core/Src/stm32f4xx_it.c.obj
 .ARM.attributes
                0x0000018e       0x2e CMakeFiles/Software.elf.dir/Core/Src/system_stm32f4xx.c.obj
 .ARM.attributes
                0x000001bc       0x2e CMakeFiles/Software.elf.dir/Core/Src/usart.c.obj
 .ARM.attributes
                0x000001ea       0x21 CMakeFiles/Software.elf.dir/Core/Startup/startup_stm32f407zgtx.s.obj
 .ARM.attributes
                0x0000020b       0x2e CMakeFiles/Software.elf.dir/Drivers/STM32F4xx_HAL_Driver/Src/stm32f4xx_hal.c.obj
 .ARM.attributes
                0x00000239       0x2e CMakeFiles/Software.elf.dir/Drivers/STM32F4xx_HAL_Driver/Src/stm32f4xx_hal_can.c.obj
 .ARM.attributes
                0x00000267       0x2e CMakeFiles/Software.elf.dir/Drivers/STM32F4xx_HAL_Driver/Src/stm32f4xx_hal_cortex.c.obj
 .ARM.attributes
                0x00000295       0x2e CMakeFiles/Software.elf.dir/Drivers/STM32F4xx_HAL_Driver/Src/stm32f4xx_hal_gpio.c.obj
 .ARM.attributes
                0x000002c3       0x2e CMakeFiles/Software.elf.dir/Drivers/STM32F4xx_HAL_Driver/Src/stm32f4xx_hal_i2c.c.obj
 .ARM.attributes
                0x000002f1       0x2e CMakeFiles/Software.elf.dir/Drivers/STM32F4xx_HAL_Driver/Src/stm32f4xx_hal_rcc.c.obj
 .ARM.attributes
                0x0000031f       0x2e CMakeFiles/Software.elf.dir/Drivers/STM32F4xx_HAL_Driver/Src/stm32f4xx_hal_spi.c.obj
 .ARM.attributes
                0x0000034d       0x2e CMakeFiles/Software.elf.dir/Drivers/STM32F4xx_HAL_Driver/Src/stm32f4xx_hal_uart.c.obj
 .ARM.attributes
                0x0000037b       0x1e d:/gcc-arm-none-eabi-10.3-2021.10/bin/../lib/gcc/arm-none-eabi/10.3.1/thumb/v7e-m/nofp\libgcc.a(_aeabi_uldivmod.o)
 .ARM.attributes
                0x00000399       0x2e d:/gcc-arm-none-eabi-10.3-2021.10/bin/../lib/gcc/arm-none-eabi/10.3.1/thumb/v7e-m/nofp\libgcc.a(_udivmoddi4.o)
 .ARM.attributes
                0x000003c7       0x1e d:/gcc-arm-none-eabi-10.3-2021.10/bin/../lib/gcc/arm-none-eabi/10.3.1/thumb/v7e-m/nofp\libgcc.a(_dvmd_tls.o)
 .ARM.attributes
                0x000003e5       0x2e d:/gcc-arm-none-eabi-10.3-2021.10/bin/../lib/gcc/arm-none-eabi/10.3.1/../../../../arm-none-eabi/lib/thumb/v7e-m/nofp\libc.a(lib_a-impure.o)
 .ARM.attributes
                0x00000413       0x2e d:/gcc-arm-none-eabi-10.3-2021.10/bin/../lib/gcc/arm-none-eabi/10.3.1/../../../../arm-none-eabi/lib/thumb/v7e-m/nofp\libc.a(lib_a-init.o)
 .ARM.attributes
                0x00000441       0x2e d:/gcc-arm-none-eabi-10.3-2021.10/bin/../lib/gcc/arm-none-eabi/10.3.1/../../../../arm-none-eabi/lib/thumb/v7e-m/nofp\libc.a(lib_a-memset.o)
 .ARM.attributes
                0x0000046f       0x2e d:/gcc-arm-none-eabi-10.3-2021.10/bin/../lib/gcc/arm-none-eabi/10.3.1/../../../../arm-none-eabi/lib/thumb/v7e-m/nofp\libc.a(lib_a-__call_atexit.o)
 .ARM.attributes
                0x0000049d       0x2e d:/gcc-arm-none-eabi-10.3-2021.10/bin/../lib/gcc/arm-none-eabi/10.3.1/../../../../arm-none-eabi/lib/thumb/v7e-m/nofp\libc.a(lib_a-atexit.o)
 .ARM.attributes
                0x000004cb       0x2e d:/gcc-arm-none-eabi-10.3-2021.10/bin/../lib/gcc/arm-none-eabi/10.3.1/../../../../arm-none-eabi/lib/thumb/v7e-m/nofp\libc.a(lib_a-fini.o)
 .ARM.attributes
                0x000004f9       0x2e d:/gcc-arm-none-eabi-10.3-2021.10/bin/../lib/gcc/arm-none-eabi/10.3.1/../../../../arm-none-eabi/lib/thumb/v7e-m/nofp\libc.a(lib_a-lock.o)
 .ARM.attributes
                0x00000527       0x2e d:/gcc-arm-none-eabi-10.3-2021.10/bin/../lib/gcc/arm-none-eabi/10.3.1/../../../../arm-none-eabi/lib/thumb/v7e-m/nofp\libc.a(lib_a-__atexit.o)
 .ARM.attributes
                0x00000555       0x1e d:/gcc-arm-none-eabi-10.3-2021.10/bin/../lib/gcc/arm-none-eabi/10.3.1/thumb/v7e-m/nofp/crtn.o
OUTPUT(Software.elf elf32-littlearm)
LOAD linker stubs
LOAD d:/gcc-arm-none-eabi-10.3-2021.10/bin/../lib/gcc/arm-none-eabi/10.3.1/../../../../arm-none-eabi/lib/thumb/v7e-m/nofp\libc.a
LOAD d:/gcc-arm-none-eabi-10.3-2021.10/bin/../lib/gcc/arm-none-eabi/10.3.1/../../../../arm-none-eabi/lib/thumb/v7e-m/nofp\libm.a
LOAD d:/gcc-arm-none-eabi-10.3-2021.10/bin/../lib/gcc/arm-none-eabi/10.3.1/thumb/v7e-m/nofp\libgcc.a

.debug_info     0x00000000    0x11396
 .debug_info    0x00000000      0x8ea CMakeFiles/Software.elf.dir/Core/Src/can.c.obj
 .debug_info    0x000008ea      0x496 CMakeFiles/Software.elf.dir/Core/Src/gpio.c.obj
 .debug_info    0x00000d80      0xa52 CMakeFiles/Software.elf.dir/Core/Src/i2c.c.obj
 .debug_info    0x000017d2      0x5db CMakeFiles/Software.elf.dir/Core/Src/main.c.obj
 .debug_info    0x00001dad      0xa18 CMakeFiles/Software.elf.dir/Core/Src/spi.c.obj
 .debug_info    0x000027c5      0x2a4 CMakeFiles/Software.elf.dir/Core/Src/stm32f4xx_hal_msp.c.obj
 .debug_info    0x00002a69      0x12f CMakeFiles/Software.elf.dir/Core/Src/stm32f4xx_it.c.obj
 .debug_info    0x00002b98      0x37d CMakeFiles/Software.elf.dir/Core/Src/system_stm32f4xx.c.obj
 .debug_info    0x00002f15      0xa93 CMakeFiles/Software.elf.dir/Core/Src/usart.c.obj
 .debug_info    0x000039a8       0x22 CMakeFiles/Software.elf.dir/Core/Startup/startup_stm32f407zgtx.s.obj
 .debug_info    0x000039ca      0x9f0 CMakeFiles/Software.elf.dir/Drivers/STM32F4xx_HAL_Driver/Src/stm32f4xx_hal.c.obj
 .debug_info    0x000043ba     0x1269 CMakeFiles/Software.elf.dir/Drivers/STM32F4xx_HAL_Driver/Src/stm32f4xx_hal_can.c.obj
 .debug_info    0x00005623     0x1098 CMakeFiles/Software.elf.dir/Drivers/STM32F4xx_HAL_Driver/Src/stm32f4xx_hal_cortex.c.obj
 .debug_info    0x000066bb      0x7b0 CMakeFiles/Software.elf.dir/Drivers/STM32F4xx_HAL_Driver/Src/stm32f4xx_hal_gpio.c.obj
 .debug_info    0x00006e6b     0x3944 CMakeFiles/Software.elf.dir/Drivers/STM32F4xx_HAL_Driver/Src/stm32f4xx_hal_i2c.c.obj
 .debug_info    0x0000a7af      0xb03 CMakeFiles/Software.elf.dir/Drivers/STM32F4xx_HAL_Driver/Src/stm32f4xx_hal_rcc.c.obj
 .debug_info    0x0000b2b2     0x1e96 CMakeFiles/Software.elf.dir/Drivers/STM32F4xx_HAL_Driver/Src/stm32f4xx_hal_spi.c.obj
 .debug_info    0x0000d148     0x424e CMakeFiles/Software.elf.dir/Drivers/STM32F4xx_HAL_Driver/Src/stm32f4xx_hal_uart.c.obj

.debug_abbrev   0x00000000     0x2106
 .debug_abbrev  0x00000000      0x1ed CMakeFiles/Software.elf.dir/Core/Src/can.c.obj
 .debug_abbrev  0x000001ed      0x14e CMakeFiles/Software.elf.dir/Core/Src/gpio.c.obj
 .debug_abbrev  0x0000033b      0x1d3 CMakeFiles/Software.elf.dir/Core/Src/i2c.c.obj
 .debug_abbrev  0x0000050e      0x1b7 CMakeFiles/Software.elf.dir/Core/Src/main.c.obj
 .debug_abbrev  0x000006c5      0x1d3 CMakeFiles/Software.elf.dir/Core/Src/spi.c.obj
 .debug_abbrev  0x00000898       0xd1 CMakeFiles/Software.elf.dir/Core/Src/stm32f4xx_hal_msp.c.obj
 .debug_abbrev  0x00000969       0x7e CMakeFiles/Software.elf.dir/Core/Src/stm32f4xx_it.c.obj
 .debug_abbrev  0x000009e7      0x119 CMakeFiles/Software.elf.dir/Core/Src/system_stm32f4xx.c.obj
 .debug_abbrev  0x00000b00      0x1da CMakeFiles/Software.elf.dir/Core/Src/usart.c.obj
 .debug_abbrev  0x00000cda       0x12 CMakeFiles/Software.elf.dir/Core/Startup/startup_stm32f407zgtx.s.obj
 .debug_abbrev  0x00000cec      0x206 CMakeFiles/Software.elf.dir/Drivers/STM32F4xx_HAL_Driver/Src/stm32f4xx_hal.c.obj
 .debug_abbrev  0x00000ef2      0x267 CMakeFiles/Software.elf.dir/Drivers/STM32F4xx_HAL_Driver/Src/stm32f4xx_hal_can.c.obj
 .debug_abbrev  0x00001159      0x36a CMakeFiles/Software.elf.dir/Drivers/STM32F4xx_HAL_Driver/Src/stm32f4xx_hal_cortex.c.obj
 .debug_abbrev  0x000014c3      0x1ef CMakeFiles/Software.elf.dir/Drivers/STM32F4xx_HAL_Driver/Src/stm32f4xx_hal_gpio.c.obj
 .debug_abbrev  0x000016b2      0x27f CMakeFiles/Software.elf.dir/Drivers/STM32F4xx_HAL_Driver/Src/stm32f4xx_hal_i2c.c.obj
 .debug_abbrev  0x00001931      0x28a CMakeFiles/Software.elf.dir/Drivers/STM32F4xx_HAL_Driver/Src/stm32f4xx_hal_rcc.c.obj
 .debug_abbrev  0x00001bbb      0x24e CMakeFiles/Software.elf.dir/Drivers/STM32F4xx_HAL_Driver/Src/stm32f4xx_hal_spi.c.obj
 .debug_abbrev  0x00001e09      0x2fd CMakeFiles/Software.elf.dir/Drivers/STM32F4xx_HAL_Driver/Src/stm32f4xx_hal_uart.c.obj

.debug_loc      0x00000000     0xcdea
 .debug_loc     0x00000000       0x84 CMakeFiles/Software.elf.dir/Core/Src/can.c.obj
 .debug_loc     0x00000084       0x67 CMakeFiles/Software.elf.dir/Core/Src/i2c.c.obj
 .debug_loc     0x000000eb       0x84 CMakeFiles/Software.elf.dir/Core/Src/spi.c.obj
 .debug_loc     0x0000016f      0x158 CMakeFiles/Software.elf.dir/Core/Src/system_stm32f4xx.c.obj
 .debug_loc     0x000002c7       0xbe CMakeFiles/Software.elf.dir/Core/Src/usart.c.obj
 .debug_loc     0x00000385      0x141 CMakeFiles/Software.elf.dir/Drivers/STM32F4xx_HAL_Driver/Src/stm32f4xx_hal.c.obj
 .debug_loc     0x000004c6      0xde6 CMakeFiles/Software.elf.dir/Drivers/STM32F4xx_HAL_Driver/Src/stm32f4xx_hal_can.c.obj
 .debug_loc     0x000012ac      0x744 CMakeFiles/Software.elf.dir/Drivers/STM32F4xx_HAL_Driver/Src/stm32f4xx_hal_cortex.c.obj
 .debug_loc     0x000019f0      0x520 CMakeFiles/Software.elf.dir/Drivers/STM32F4xx_HAL_Driver/Src/stm32f4xx_hal_gpio.c.obj
 .debug_loc     0x00001f10     0x41b6 CMakeFiles/Software.elf.dir/Drivers/STM32F4xx_HAL_Driver/Src/stm32f4xx_hal_i2c.c.obj
 .debug_loc     0x000060c6      0x58c CMakeFiles/Software.elf.dir/Drivers/STM32F4xx_HAL_Driver/Src/stm32f4xx_hal_rcc.c.obj
 .debug_loc     0x00006652     0x1ded CMakeFiles/Software.elf.dir/Drivers/STM32F4xx_HAL_Driver/Src/stm32f4xx_hal_spi.c.obj
 .debug_loc     0x0000843f     0x49ab CMakeFiles/Software.elf.dir/Drivers/STM32F4xx_HAL_Driver/Src/stm32f4xx_hal_uart.c.obj

.debug_aranges  0x00000000      0xc08
 .debug_aranges
                0x00000000       0x30 CMakeFiles/Software.elf.dir/Core/Src/can.c.obj
 .debug_aranges
                0x00000030       0x20 CMakeFiles/Software.elf.dir/Core/Src/gpio.c.obj
 .debug_aranges
                0x00000050       0x30 CMakeFiles/Software.elf.dir/Core/Src/i2c.c.obj
 .debug_aranges
                0x00000080       0x30 CMakeFiles/Software.elf.dir/Core/Src/main.c.obj
 .debug_aranges
                0x000000b0       0x30 CMakeFiles/Software.elf.dir/Core/Src/spi.c.obj
 .debug_aranges
                0x000000e0       0x20 CMakeFiles/Software.elf.dir/Core/Src/stm32f4xx_hal_msp.c.obj
 .debug_aranges
                0x00000100       0x60 CMakeFiles/Software.elf.dir/Core/Src/stm32f4xx_it.c.obj
 .debug_aranges
                0x00000160       0x28 CMakeFiles/Software.elf.dir/Core/Src/system_stm32f4xx.c.obj
 .debug_aranges
                0x00000188       0x38 CMakeFiles/Software.elf.dir/Core/Src/usart.c.obj
 .debug_aranges
                0x000001c0       0x28 CMakeFiles/Software.elf.dir/Core/Startup/startup_stm32f407zgtx.s.obj
 .debug_aranges
                0x000001e8       0xf0 CMakeFiles/Software.elf.dir/Drivers/STM32F4xx_HAL_Driver/Src/stm32f4xx_hal.c.obj
 .debug_aranges
                0x000002d8      0x138 CMakeFiles/Software.elf.dir/Drivers/STM32F4xx_HAL_Driver/Src/stm32f4xx_hal_can.c.obj
 .debug_aranges
                0x00000410       0xa8 CMakeFiles/Software.elf.dir/Drivers/STM32F4xx_HAL_Driver/Src/stm32f4xx_hal_cortex.c.obj
 .debug_aranges
                0x000004b8       0x58 CMakeFiles/Software.elf.dir/Drivers/STM32F4xx_HAL_Driver/Src/stm32f4xx_hal_gpio.c.obj
 .debug_aranges
                0x00000510      0x2a0 CMakeFiles/Software.elf.dir/Drivers/STM32F4xx_HAL_Driver/Src/stm32f4xx_hal_i2c.c.obj
 .debug_aranges
                0x000007b0       0x88 CMakeFiles/Software.elf.dir/Drivers/STM32F4xx_HAL_Driver/Src/stm32f4xx_hal_rcc.c.obj
 .debug_aranges
                0x00000838      0x1d0 CMakeFiles/Software.elf.dir/Drivers/STM32F4xx_HAL_Driver/Src/stm32f4xx_hal_spi.c.obj
 .debug_aranges
                0x00000a08      0x200 CMakeFiles/Software.elf.dir/Drivers/STM32F4xx_HAL_Driver/Src/stm32f4xx_hal_uart.c.obj

.debug_ranges   0x00000000      0xb98
 .debug_ranges  0x00000000       0x20 CMakeFiles/Software.elf.dir/Core/Src/can.c.obj
 .debug_ranges  0x00000020       0x10 CMakeFiles/Software.elf.dir/Core/Src/gpio.c.obj
 .debug_ranges  0x00000030       0x20 CMakeFiles/Software.elf.dir/Core/Src/i2c.c.obj
 .debug_ranges  0x00000050       0x20 CMakeFiles/Software.elf.dir/Core/Src/main.c.obj
 .debug_ranges  0x00000070       0x20 CMakeFiles/Software.elf.dir/Core/Src/spi.c.obj
 .debug_ranges  0x00000090       0x10 CMakeFiles/Software.elf.dir/Core/Src/stm32f4xx_hal_msp.c.obj
 .debug_ranges  0x000000a0       0x50 CMakeFiles/Software.elf.dir/Core/Src/stm32f4xx_it.c.obj
 .debug_ranges  0x000000f0       0x18 CMakeFiles/Software.elf.dir/Core/Src/system_stm32f4xx.c.obj
 .debug_ranges  0x00000108       0x28 CMakeFiles/Software.elf.dir/Core/Src/usart.c.obj
 .debug_ranges  0x00000130       0x20 CMakeFiles/Software.elf.dir/Core/Startup/startup_stm32f407zgtx.s.obj
 .debug_ranges  0x00000150       0xe0 CMakeFiles/Software.elf.dir/Drivers/STM32F4xx_HAL_Driver/Src/stm32f4xx_hal.c.obj
 .debug_ranges  0x00000230      0x128 CMakeFiles/Software.elf.dir/Drivers/STM32F4xx_HAL_Driver/Src/stm32f4xx_hal_can.c.obj
 .debug_ranges  0x00000358       0xf8 CMakeFiles/Software.elf.dir/Drivers/STM32F4xx_HAL_Driver/Src/stm32f4xx_hal_cortex.c.obj
 .debug_ranges  0x00000450       0x48 CMakeFiles/Software.elf.dir/Drivers/STM32F4xx_HAL_Driver/Src/stm32f4xx_hal_gpio.c.obj
 .debug_ranges  0x00000498      0x2a8 CMakeFiles/Software.elf.dir/Drivers/STM32F4xx_HAL_Driver/Src/stm32f4xx_hal_i2c.c.obj
 .debug_ranges  0x00000740       0x90 CMakeFiles/Software.elf.dir/Drivers/STM32F4xx_HAL_Driver/Src/stm32f4xx_hal_rcc.c.obj
 .debug_ranges  0x000007d0      0x1c0 CMakeFiles/Software.elf.dir/Drivers/STM32F4xx_HAL_Driver/Src/stm32f4xx_hal_spi.c.obj
 .debug_ranges  0x00000990      0x208 CMakeFiles/Software.elf.dir/Drivers/STM32F4xx_HAL_Driver/Src/stm32f4xx_hal_uart.c.obj

.debug_line     0x00000000    0x10c49
 .debug_line    0x00000000      0x366 CMakeFiles/Software.elf.dir/Core/Src/can.c.obj
 .debug_line    0x00000366      0x224 CMakeFiles/Software.elf.dir/Core/Src/gpio.c.obj
 .debug_line    0x0000058a      0x354 CMakeFiles/Software.elf.dir/Core/Src/i2c.c.obj
 .debug_line    0x000008de      0x3e4 CMakeFiles/Software.elf.dir/Core/Src/main.c.obj
 .debug_line    0x00000cc2      0x36e CMakeFiles/Software.elf.dir/Core/Src/spi.c.obj
 .debug_line    0x00001030      0x190 CMakeFiles/Software.elf.dir/Core/Src/stm32f4xx_hal_msp.c.obj
 .debug_line    0x000011c0      0x1cf CMakeFiles/Software.elf.dir/Core/Src/stm32f4xx_it.c.obj
 .debug_line    0x0000138f      0x259 CMakeFiles/Software.elf.dir/Core/Src/system_stm32f4xx.c.obj
 .debug_line    0x000015e8      0x40c CMakeFiles/Software.elf.dir/Core/Src/usart.c.obj
 .debug_line    0x000019f4       0xb1 CMakeFiles/Software.elf.dir/Core/Startup/startup_stm32f407zgtx.s.obj
 .debug_line    0x00001aa5      0x5f3 CMakeFiles/Software.elf.dir/Drivers/STM32F4xx_HAL_Driver/Src/stm32f4xx_hal.c.obj
 .debug_line    0x00002098     0x116b CMakeFiles/Software.elf.dir/Drivers/STM32F4xx_HAL_Driver/Src/stm32f4xx_hal_can.c.obj
 .debug_line    0x00003203      0x806 CMakeFiles/Software.elf.dir/Drivers/STM32F4xx_HAL_Driver/Src/stm32f4xx_hal_cortex.c.obj
 .debug_line    0x00003a09      0x743 CMakeFiles/Software.elf.dir/Drivers/STM32F4xx_HAL_Driver/Src/stm32f4xx_hal_gpio.c.obj
 .debug_line    0x0000414c     0x53c5 CMakeFiles/Software.elf.dir/Drivers/STM32F4xx_HAL_Driver/Src/stm32f4xx_hal_i2c.c.obj
 .debug_line    0x00009511      0xb71 CMakeFiles/Software.elf.dir/Drivers/STM32F4xx_HAL_Driver/Src/stm32f4xx_hal_rcc.c.obj
 .debug_line    0x0000a082     0x254b CMakeFiles/Software.elf.dir/Drivers/STM32F4xx_HAL_Driver/Src/stm32f4xx_hal_spi.c.obj
 .debug_line    0x0000c5cd     0x467c CMakeFiles/Software.elf.dir/Drivers/STM32F4xx_HAL_Driver/Src/stm32f4xx_hal_uart.c.obj

.debug_str      0x00000000     0x3de1
 .debug_str     0x00000000      0x5e2 CMakeFiles/Software.elf.dir/Core/Src/can.c.obj
                                0x66c (size before relaxing)
 .debug_str     0x000005e2       0x77 CMakeFiles/Software.elf.dir/Core/Src/gpio.c.obj
                                0x3ad (size before relaxing)
 .debug_str     0x00000659      0x4eb CMakeFiles/Software.elf.dir/Core/Src/i2c.c.obj
                                0x8d9 (size before relaxing)
 .debug_str     0x00000b44      0x1f1 CMakeFiles/Software.elf.dir/Core/Src/main.c.obj
                                0x50c (size before relaxing)
 .debug_str     0x00000d35      0x222 CMakeFiles/Software.elf.dir/Core/Src/spi.c.obj
                                0x836 (size before relaxing)
 .debug_str     0x00000f57       0x55 CMakeFiles/Software.elf.dir/Core/Src/stm32f4xx_hal_msp.c.obj
                                0x2fc (size before relaxing)
 .debug_str     0x00000fac       0xe0 CMakeFiles/Software.elf.dir/Core/Src/stm32f4xx_it.c.obj
                                0x270 (size before relaxing)
 .debug_str     0x0000108c       0xb0 CMakeFiles/Software.elf.dir/Core/Src/system_stm32f4xx.c.obj
                                0x362 (size before relaxing)
 .debug_str     0x0000113c      0x1f8 CMakeFiles/Software.elf.dir/Core/Src/usart.c.obj
                                0x858 (size before relaxing)
 .debug_str     0x00001334       0x5f CMakeFiles/Software.elf.dir/Core/Startup/startup_stm32f407zgtx.s.obj
                                 0x9d (size before relaxing)
 .debug_str     0x00001393      0x874 CMakeFiles/Software.elf.dir/Drivers/STM32F4xx_HAL_Driver/Src/stm32f4xx_hal.c.obj
                                0xb9b (size before relaxing)
 .debug_str     0x00001c07      0x57f CMakeFiles/Software.elf.dir/Drivers/STM32F4xx_HAL_Driver/Src/stm32f4xx_hal_can.c.obj
                                0xa8c (size before relaxing)
 .debug_str     0x00002186      0x4db CMakeFiles/Software.elf.dir/Drivers/STM32F4xx_HAL_Driver/Src/stm32f4xx_hal_cortex.c.obj
                                0xc6d (size before relaxing)
 .debug_str     0x00002661      0x151 CMakeFiles/Software.elf.dir/Drivers/STM32F4xx_HAL_Driver/Src/stm32f4xx_hal_gpio.c.obj
                                0x521 (size before relaxing)
 .debug_str     0x000027b2      0x921 CMakeFiles/Software.elf.dir/Drivers/STM32F4xx_HAL_Driver/Src/stm32f4xx_hal_i2c.c.obj
                               0x1071 (size before relaxing)
 .debug_str     0x000030d3      0x1ad CMakeFiles/Software.elf.dir/Drivers/STM32F4xx_HAL_Driver/Src/stm32f4xx_hal_rcc.c.obj
                                0x747 (size before relaxing)
 .debug_str     0x00003280      0x545 CMakeFiles/Software.elf.dir/Drivers/STM32F4xx_HAL_Driver/Src/stm32f4xx_hal_spi.c.obj
                                0xc3b (size before relaxing)
 .debug_str     0x000037c5      0x61c CMakeFiles/Software.elf.dir/Drivers/STM32F4xx_HAL_Driver/Src/stm32f4xx_hal_uart.c.obj
                                0xd9a (size before relaxing)

.comment        0x00000000       0x49
 .comment       0x00000000       0x49 CMakeFiles/Software.elf.dir/Core/Src/can.c.obj
                                 0x4a (size before relaxing)
 .comment       0x00000049       0x4a CMakeFiles/Software.elf.dir/Core/Src/gpio.c.obj
 .comment       0x00000049       0x4a CMakeFiles/Software.elf.dir/Core/Src/i2c.c.obj
 .comment       0x00000049       0x4a CMakeFiles/Software.elf.dir/Core/Src/main.c.obj
 .comment       0x00000049       0x4a CMakeFiles/Software.elf.dir/Core/Src/spi.c.obj
 .comment       0x00000049       0x4a CMakeFiles/Software.elf.dir/Core/Src/stm32f4xx_hal_msp.c.obj
 .comment       0x00000049       0x4a CMakeFiles/Software.elf.dir/Core/Src/stm32f4xx_it.c.obj
 .comment       0x00000049       0x4a CMakeFiles/Software.elf.dir/Core/Src/system_stm32f4xx.c.obj
 .comment       0x00000049       0x4a CMakeFiles/Software.elf.dir/Core/Src/usart.c.obj
 .comment       0x00000049       0x4a CMakeFiles/Software.elf.dir/Drivers/STM32F4xx_HAL_Driver/Src/stm32f4xx_hal.c.obj
 .comment       0x00000049       0x4a CMakeFiles/Software.elf.dir/Drivers/STM32F4xx_HAL_Driver/Src/stm32f4xx_hal_can.c.obj
 .comment       0x00000049       0x4a CMakeFiles/Software.elf.dir/Drivers/STM32F4xx_HAL_Driver/Src/stm32f4xx_hal_cortex.c.obj
 .comment       0x00000049       0x4a CMakeFiles/Software.elf.dir/Drivers/STM32F4xx_HAL_Driver/Src/stm32f4xx_hal_gpio.c.obj
 .comment       0x00000049       0x4a CMakeFiles/Software.elf.dir/Drivers/STM32F4xx_HAL_Driver/Src/stm32f4xx_hal_i2c.c.obj
 .comment       0x00000049       0x4a CMakeFiles/Software.elf.dir/Drivers/STM32F4xx_HAL_Driver/Src/stm32f4xx_hal_rcc.c.obj
 .comment       0x00000049       0x4a CMakeFiles/Software.elf.dir/Drivers/STM32F4xx_HAL_Driver/Src/stm32f4xx_hal_spi.c.obj
 .comment       0x00000049       0x4a CMakeFiles/Software.elf.dir/Drivers/STM32F4xx_HAL_Driver/Src/stm32f4xx_hal_uart.c.obj

.debug_frame    0x00000000     0x2298
 .debug_frame   0x00000000       0x60 CMakeFiles/Software.elf.dir/Core/Src/can.c.obj
 .debug_frame   0x00000060       0x30 CMakeFiles/Software.elf.dir/Core/Src/gpio.c.obj
 .debug_frame   0x00000090       0x64 CMakeFiles/Software.elf.dir/Core/Src/i2c.c.obj
 .debug_frame   0x000000f4       0x58 CMakeFiles/Software.elf.dir/Core/Src/main.c.obj
 .debug_frame   0x0000014c       0x60 CMakeFiles/Software.elf.dir/Core/Src/spi.c.obj
 .debug_frame   0x000001ac       0x28 CMakeFiles/Software.elf.dir/Core/Src/stm32f4xx_hal_msp.c.obj
 .debug_frame   0x000001d4       0xa8 CMakeFiles/Software.elf.dir/Core/Src/stm32f4xx_it.c.obj
 .debug_frame   0x0000027c       0x30 CMakeFiles/Software.elf.dir/Core/Src/system_stm32f4xx.c.obj
 .debug_frame   0x000002ac       0x78 CMakeFiles/Software.elf.dir/Core/Src/usart.c.obj
 .debug_frame   0x00000324      0x1ec CMakeFiles/Software.elf.dir/Drivers/STM32F4xx_HAL_Driver/Src/stm32f4xx_hal.c.obj
 .debug_frame   0x00000510      0x2d0 CMakeFiles/Software.elf.dir/Drivers/STM32F4xx_HAL_Driver/Src/stm32f4xx_hal_can.c.obj
 .debug_frame   0x000007e0      0x148 CMakeFiles/Software.elf.dir/Drivers/STM32F4xx_HAL_Driver/Src/stm32f4xx_hal_cortex.c.obj
 .debug_frame   0x00000928       0xd8 CMakeFiles/Software.elf.dir/Drivers/STM32F4xx_HAL_Driver/Src/stm32f4xx_hal_gpio.c.obj
 .debug_frame   0x00000a00      0x970 CMakeFiles/Software.elf.dir/Drivers/STM32F4xx_HAL_Driver/Src/stm32f4xx_hal_i2c.c.obj
 .debug_frame   0x00001370      0x16c CMakeFiles/Software.elf.dir/Drivers/STM32F4xx_HAL_Driver/Src/stm32f4xx_hal_rcc.c.obj
 .debug_frame   0x000014dc      0x5a4 CMakeFiles/Software.elf.dir/Drivers/STM32F4xx_HAL_Driver/Src/stm32f4xx_hal_spi.c.obj
 .debug_frame   0x00001a80      0x5cc CMakeFiles/Software.elf.dir/Drivers/STM32F4xx_HAL_Driver/Src/stm32f4xx_hal_uart.c.obj
 .debug_frame   0x0000204c       0x2c d:/gcc-arm-none-eabi-10.3-2021.10/bin/../lib/gcc/arm-none-eabi/10.3.1/thumb/v7e-m/nofp\libgcc.a(_aeabi_uldivmod.o)
 .debug_frame   0x00002078       0x34 d:/gcc-arm-none-eabi-10.3-2021.10/bin/../lib/gcc/arm-none-eabi/10.3.1/thumb/v7e-m/nofp\libgcc.a(_udivmoddi4.o)
 .debug_frame   0x000020ac       0x2c d:/gcc-arm-none-eabi-10.3-2021.10/bin/../lib/gcc/arm-none-eabi/10.3.1/../../../../arm-none-eabi/lib/thumb/v7e-m/nofp\libc.a(lib_a-init.o)
 .debug_frame   0x000020d8       0x2c d:/gcc-arm-none-eabi-10.3-2021.10/bin/../lib/gcc/arm-none-eabi/10.3.1/../../../../arm-none-eabi/lib/thumb/v7e-m/nofp\libc.a(lib_a-memset.o)
 .debug_frame   0x00002104       0x5c d:/gcc-arm-none-eabi-10.3-2021.10/bin/../lib/gcc/arm-none-eabi/10.3.1/../../../../arm-none-eabi/lib/thumb/v7e-m/nofp\libc.a(lib_a-__call_atexit.o)
 .debug_frame   0x00002160       0x20 d:/gcc-arm-none-eabi-10.3-2021.10/bin/../lib/gcc/arm-none-eabi/10.3.1/../../../../arm-none-eabi/lib/thumb/v7e-m/nofp\libc.a(lib_a-atexit.o)
 .debug_frame   0x00002180       0x34 d:/gcc-arm-none-eabi-10.3-2021.10/bin/../lib/gcc/arm-none-eabi/10.3.1/../../../../arm-none-eabi/lib/thumb/v7e-m/nofp\libc.a(lib_a-fini.o)
 .debug_frame   0x000021b4       0xb0 d:/gcc-arm-none-eabi-10.3-2021.10/bin/../lib/gcc/arm-none-eabi/10.3.1/../../../../arm-none-eabi/lib/thumb/v7e-m/nofp\libc.a(lib_a-lock.o)
 .debug_frame   0x00002264       0x34 d:/gcc-arm-none-eabi-10.3-2021.10/bin/../lib/gcc/arm-none-eabi/10.3.1/../../../../arm-none-eabi/lib/thumb/v7e-m/nofp\libc.a(lib_a-__atexit.o)
